142 jobs to run
[1/142] base_eegnet_f1_s0_n5 epochs=67 sec=357.2 elapsed=368s
[2/142] base_tf_chan_noid_f3_s0_n30 epochs=13 sec=373.0 elapsed=399s
[3/142] base_eegnet_f0_s0_n5 epochs=89 sec=482.6 elapsed=493s
[4/142] base_eegnet_f2_s0_n5 epochs=81 sec=439.5 elapsed=825s
[5/142] base_eegnet_f3_s0_n5 epochs=77 sec=411.5 elapsed=830s
[6/142] base_tf_time_f0_s0_n5 epochs=97 sec=485.8 elapsed=1008s
[7/142] base_tf_time_f1_s0_n5 epochs=68 sec=328.4 elapsed=1170s
[8/142] base_tf_time_f2_s0_n5 epochs=82 sec=413.9 elapsed=1257s
[9/142] base_tf_chan_id_f3_s0_n30 epochs=47 sec=1279.0 elapsed=1305s
[10/142] base_tf_time_f3_s0_n5 epochs=89 sec=540.4 elapsed=1563s
[11/142] base_eegnet_f0_s0_n10 epochs=48 sec=505.8 elapsed=1694s
[12/142] base_eegnet_f1_s0_n10 epochs=47 sec=530.4 elapsed=1804s
[13/142] base_eegnet_f2_s0_n10 epochs=56 sec=628.5 elapsed=1954s
[14/142] base_tf_time_f0_s0_n10 epochs=68 sec=650.1 elapsed=2367s
[15/142] base_eegnet_f3_s0_n10 epochs=94 sec=885.9 elapsed=2478s
[16/142] base_tf_time_f1_s0_n10 epochs=82 sec=812.0 elapsed=2651s
[17/142] base_tf_time_f2_s0_n10 epochs=72 sec=746.4 elapsed=2725s
[18/142] base_tf_time_f3_s0_n10 epochs=48 sec=540.2 elapsed=2934s
[19/142] base_eegnet_f0_s0_n20 epochs=30 sec=586.5 elapsed=3102s
[20/142] base_eegnet_f1_s0_n20 epochs=24 sec=468.9 elapsed=3156s
[21/142] base_tf_time_f1_s0_n20 epochs=16 sec=355.2 elapsed=3537s
[22/142] base_eegnet_f2_s0_n20 epochs=47 sec=949.9 elapsed=3713s
[23/142] base_eegnet_f3_s0_n20 epochs=52 sec=1065.6 elapsed=4034s
[24/142] base_tf_time_f0_s0_n20 epochs=40 sec=918.1 elapsed=4054s
[25/142] noconf_eegnet_f0_s0_n30 epochs=11 sec=158.3 elapsed=4232s
[26/142] noconf_eegnet_f1_s0_n30 epochs=11 sec=160.3 elapsed=4241s
[27/142] noconf_eegnet_f2_s0_n30 epochs=11 sec=155.2 elapsed=4416s
[28/142] noconf_eegnet_f3_s0_n30 epochs=11 sec=156.2 elapsed=4427s
[29/142] noconf_tf_time_f1_s0_n30 epochs=12 sec=178.7 elapsed=4635s
[30/142] base_tf_time_f3_s0_n20 epochs=40 sec=919.6 elapsed=4664s
[31/142] noconf_tf_time_f0_s0_n30 epochs=20 sec=285.3 elapsed=4729s
[32/142] noconf_tf_time_f3_s0_n30 epochs=12 sec=224.2 elapsed=4921s
[33/142] noconf_tf_time_f2_s0_n30 epochs=23 sec=358.8 elapsed=5024s
[34/142] base_tf_time_f2_s0_n20 epochs=67 sec=1530.1 elapsed=5099s
[35/142] aug_eegnet_f0_s0_n30 epochs=18 sec=565.1 elapsed=5333s
[36/142] aug_eegnet_f2_s0_n30 epochs=25 sec=3620.9 elapsed=8680s
[37/142] aug_eegnet_f3_s0_n30 epochs=26 sec=3641.4 elapsed=8776s
[38/142] aug_eegnet_f1_s0_n30 epochs=34 sec=3872.6 elapsed=8832s
[39/142] base_eegnet_f0_s1_n30 epochs=24 sec=3518.4 elapsed=8875s
[40/142] base_eegnet_f1_s1_n30 epochs=22 sec=510.3 elapsed=9223s
[41/142] base_eegnet_f2_s1_n30 epochs=21 sec=481.2 elapsed=9287s
[42/142] base_tf_time_f0_s1_n30 epochs=32 sec=726.6 elapsed=9629s
[43/142] base_eegnet_f3_s1_n30 epochs=39 sec=854.3 elapsed=9719s
[44/142] base_tf_time_f1_s1_n30 epochs=21 sec=460.5 elapsed=9737s
[45/142] base_tf_time_f2_s1_n30 epochs=34 sec=761.5 elapsed=10074s
[46/142] base_tf_time_f3_s1_n30 epochs=25 sec=559.1 elapsed=10211s
[47/142] base_tf_chan_id_f0_s1_n30 epochs=37 sec=907.1 elapsed=10644s
[48/142] base_tf_chan_id_f1_s1_n30 epochs=37 sec=914.0 elapsed=10668s
[49/142] base_tf_chan_id_f3_s1_n30 epochs=22 sec=542.0 elapsed=10769s
[50/142] base_tf_chan_id_f2_s1_n30 epochs=32 sec=784.4 elapsed=10885s
[51/142] base_tf_chan_noid_f1_s1_n30 epochs=13 sec=384.5 elapsed=11072s
[52/142] base_tf_chan_noid_f2_s1_n30 epochs=15 sec=477.6 elapsed=11267s
[53/142] base_tf_chan_noid_f0_s1_n30 epochs=22 sec=654.2 elapsed=11323s
[54/142] base_eegnet_f0_s1_n5 epochs=92 sec=483.0 elapsed=11586s
[55/142] base_eegnet_f1_s1_n5 epochs=67 sec=322.6 elapsed=11606s
[56/142] base_tf_chan_noid_f3_s1_n30 epochs=27 sec=773.6 elapsed=11677s
[57/142] base_eegnet_f2_s1_n5 epochs=83 sec=401.0 elapsed=11739s
[58/142] base_tf_time_f1_s1_n5 epochs=61 sec=294.6 elapsed=11987s
[59/142] base_eegnet_f3_s1_n5 epochs=83 sec=392.7 elapsed=11995s
[60/142] base_tf_time_f0_s1_n5 epochs=109 sec=512.9 elapsed=12135s
[61/142] base_tf_time_f2_s1_n5 epochs=102 sec=484.8 elapsed=12238s
[62/142] base_eegnet_f0_s1_n10 epochs=51 sec=400.2 elapsed=12408s
[63/142] base_eegnet_f1_s1_n10 epochs=35 sec=269.5 elapsed=12420s
[64/142] base_tf_time_f3_s1_n5 epochs=94 sec=431.8 elapsed=12432s
[65/142] base_eegnet_f2_s1_n10 epochs=51 sec=413.3 elapsed=12666s
[66/142] base_tf_time_f1_s1_n10 epochs=32 sec=256.1 elapsed=12703s
[67/142] base_eegnet_f3_s1_n10 epochs=39 sec=303.5 elapsed=12728s
[68/142] base_tf_time_f0_s1_n10 epochs=72 sec=570.8 elapsed=13004s
[69/142] base_tf_time_f3_s1_n10 epochs=59 sec=478.0 elapsed=13196s
[70/142] base_eegnet_f0_s1_n20 epochs=33 sec=483.5 elapsed=13228s
[71/142] base_tf_time_f2_s1_n10 epochs=71 sec=588.2 elapsed=13268s
[72/142] base_eegnet_f1_s1_n20 epochs=24 sec=351.2 elapsed=13371s
[73/142] base_eegnet_f2_s1_n20 epochs=28 sec=402.7 elapsed=13613s
[74/142] base_tf_time_f0_s1_n20 epochs=39 sec=588.6 elapsed=13872s
[75/142] base_eegnet_f3_s1_n20 epochs=46 sec=674.9 elapsed=13918s
[76/142] noconf_eegnet_f0_s1_n30 epochs=11 sec=87.6 elapsed=14023s
[77/142] base_tf_time_f1_s1_n20 epochs=43 sec=645.3 elapsed=14032s
[78/142] base_tf_time_f2_s1_n20 epochs=28 sec=415.1 elapsed=14044s
[79/142] noconf_eegnet_f1_s1_n30 epochs=11 sec=82.3 elapsed=14122s
[80/142] noconf_eegnet_f2_s1_n30 epochs=11 sec=81.7 elapsed=14129s
[81/142] noconf_eegnet_f3_s1_n30 epochs=11 sec=81.4 elapsed=14142s
[82/142] noconf_tf_time_f0_s1_n30 epochs=16 sec=121.9 elapsed=14260s
[83/142] noconf_tf_time_f2_s1_n30 epochs=17 sec=130.3 elapsed=14288s
[84/142] noconf_tf_time_f1_s1_n30 epochs=23 sec=173.9 elapsed=14319s
[85/142] noconf_tf_time_f3_s1_n30 epochs=16 sec=121.6 elapsed=14399s
[86/142] base_tf_time_f3_s1_n20 epochs=44 sec=617.0 elapsed=14505s
[87/142] aug_eegnet_f1_s1_n30 epochs=20 sec=455.8 elapsed=14795s
[88/142] aug_eegnet_f0_s1_n30 epochs=24 sec=539.9 elapsed=14849s
[89/142] aug_eegnet_f2_s1_n30 epochs=30 sec=696.1 elapsed=15116s
[90/142] base_eegnet_f0_s2_n30 epochs=20 sec=434.9 elapsed=15246s
[91/142] base_eegnet_f1_s2_n30 epochs=22 sec=489.4 elapsed=15355s
[92/142] aug_eegnet_f3_s1_n30 epochs=39 sec=920.9 elapsed=15448s
[93/142] base_tf_time_f1_s2_n30 epochs=12 sec=327.1 elapsed=15796s
[94/142] base_eegnet_f2_s2_n30 epochs=28 sec=683.5 elapsed=15816s
[95/142] base_eegnet_f3_s2_n30 epochs=25 sec=626.5 elapsed=15889s
[96/142] base_tf_time_f0_s2_n30 epochs=30 sec=786.3 elapsed=16162s
[97/142] base_tf_time_f3_s2_n30 epochs=32 sec=830.2 elapsed=16667s
[98/142] base_tf_time_f2_s2_n30 epochs=38 sec=988.0 elapsed=16805s
[99/142] base_tf_chan_id_f0_s2_n30 epochs=31 sec=902.6 elapsed=16813s
[100/142] base_tf_chan_id_f1_s2_n30 epochs=26 sec=751.2 elapsed=16934s
[101/142] base_tf_chan_noid_f1_s2_n30 epochs=11 sec=319.1 elapsed=17274s
[102/142] base_tf_chan_noid_f0_s2_n30 epochs=22 sec=619.9 elapsed=17451s
[103/142] base_tf_chan_noid_f2_s2_n30 epochs=17 sec=17301.9 elapsed=34596s
[104/142] base_tf_chan_noid_f3_s2_n30 epochs=11 sec=17126.4 elapsed=34597s
[105/142] base_tf_chan_id_f3_s2_n30 epochs=46 sec=18183.4 elapsed=35007s
[106/142] base_tf_chan_id_f2_s2_n30 epochs=51 sec=18323.5 elapsed=35011s
[107/142] base_eegnet_f1_s2_n5 epochs=73 sec=435.0 elapsed=35059s
[108/142] base_eegnet_f0_s2_n5 epochs=77 sec=455.4 elapsed=35079s
[109/142] base_eegnet_f3_s2_n5 epochs=72 sec=423.0 elapsed=35458s
[110/142] base_eegnet_f2_s2_n5 epochs=80 sec=486.4 elapsed=35522s
[111/142] base_tf_time_f1_s2_n5 epochs=61 sec=442.6 elapsed=35545s
[112/142] base_tf_time_f0_s2_n5 epochs=84 sec=592.8 elapsed=35676s
[113/142] base_tf_time_f2_s2_n5 epochs=63 sec=411.8 elapsed=35901s
[114/142] base_tf_time_f3_s2_n5 epochs=85 sec=630.7 elapsed=36180s
[115/142] base_eegnet_f1_s2_n10 epochs=52 sec=601.3 elapsed=36297s
[116/142] base_eegnet_f2_s2_n10 epochs=61 sec=717.0 elapsed=36655s
[117/142] base_eegnet_f0_s2_n10 epochs=101 sec=1186.9 elapsed=36758s
[118/142] base_eegnet_f3_s2_n10 epochs=53 sec=618.4 elapsed=36839s
[119/142] base_tf_time_f1_s2_n10 epochs=36 sec=417.6 elapsed=37105s
[120/142] base_tf_time_f2_s2_n10 epochs=57 sec=647.0 elapsed=37428s
[121/142] base_eegnet_f0_s2_n20 epochs=24 sec=424.1 elapsed=37564s
[122/142] base_tf_time_f0_s2_n10 epochs=108 sec=1252.7 elapsed=37592s
[123/142] base_tf_time_f3_s2_n10 epochs=71 sec=777.9 elapsed=37643s
[124/142] base_eegnet_f2_s2_n20 epochs=33 sec=623.8 elapsed=38219s
[125/142] base_eegnet_f1_s2_n20 epochs=47 sec=850.4 elapsed=38311s
[126/142] base_tf_time_f0_s2_n20 epochs=39 sec=847.5 elapsed=38521s
[127/142] base_eegnet_f3_s2_n20 epochs=51 sec=951.0 elapsed=38574s
[128/142] base_tf_time_f1_s2_n20 epochs=17 sec=345.8 elapsed=38601s
[129/142] noconf_eegnet_f0_s2_n30 epochs=11 sec=128.8 elapsed=38733s
[130/142] noconf_eegnet_f1_s2_n30 epochs=18 sec=209.6 elapsed=38833s
[131/142] noconf_eegnet_f2_s2_n30 epochs=12 sec=135.2 elapsed=38895s
[132/142] noconf_eegnet_f3_s2_n30 epochs=11 sec=118.3 elapsed=38974s
[133/142] noconf_tf_time_f1_s2_n30 epochs=18 sec=142.9 elapsed=39135s
[134/142] noconf_tf_time_f0_s2_n30 epochs=31 sec=261.7 elapsed=39180s
[135/142] base_tf_time_f2_s2_n20 epochs=56 sec=948.1 elapsed=39290s
[136/142] noconf_tf_time_f2_s2_n30 epochs=25 sec=188.6 elapsed=39340s
[137/142] noconf_tf_time_f3_s2_n30 epochs=30 sec=227.3 elapsed=39423s
[138/142] base_tf_time_f3_s2_n20 epochs=67 sec=1008.3 elapsed=39557s
[139/142] aug_eegnet_f0_s2_n30 epochs=23 sec=490.3 elapsed=39800s
[140/142] aug_eegnet_f1_s2_n30 epochs=22 sec=469.2 elapsed=39829s
[141/142] aug_eegnet_f2_s2_n30 epochs=24 sec=482.0 elapsed=39924s
[142/142] aug_eegnet_f3_s2_n30 epochs=25 sec=448.4 elapsed=40025s
