done aug_eegnet_f0_s0_n30
done aug_eegnet_f0_s1_n30
done base_eegnet_f0_s0_n30
done base_eegnet_f0_s1_n30
done base_eegnet_f0_s2_n30
done base_tf_chan_id_f0_s0_n30
done base_tf_chan_id_f0_s1_n30
done base_tf_chan_noid_f0_s0_n30
done base_tf_chan_noid_f0_s1_n30
done base_tf_time_f0_s0_n30
done base_tf_time_f0_s1_n30
done aug_eegnet_f1_s0_n30
done aug_eegnet_f1_s1_n30
done base_eegnet_f1_s0_n30
done base_eegnet_f1_s1_n30
done base_tf_chan_id_f1_s0_n30
done base_tf_chan_id_f1_s1_n30
done base_tf_chan_noid_f1_s0_n30
done base_tf_chan_noid_f1_s1_n30
done base_tf_time_f1_s0_n30
done base_tf_time_f1_s1_n30
done aug_eegnet_f2_s0_n30
done aug_eegnet_f2_s1_n30
done base_eegnet_f2_s0_n30
done base_eegnet_f2_s1_n30
done base_tf_chan_id_f2_s0_n30
done base_tf_chan_id_f2_s1_n30
done base_tf_chan_noid_f2_s0_n30
done base_tf_chan_noid_f2_s1_n30
done base_tf_time_f2_s0_n30
done base_tf_time_f2_s1_n30
done aug_eegnet_f3_s0_n30
done base_eegnet_f3_s0_n30
done base_eegnet_f3_s1_n30
done base_tf_chan_id_f3_s0_n30
done base_tf_chan_id_f3_s1_n30
done base_tf_chan_noid_f3_s0_n30
done base_tf_chan_noid_f3_s1_n30
done base_tf_time_f3_s0_n30
done base_tf_time_f3_s1_n30
