
== pooled_xs | plain ==
decoder  acc_all  acc_repeat  acc_alternate  acc_balanced  z_balanced  rep_n  alt_n
     A1    0.551       0.550          0.552         0.551       3.600    424   1249
     F1    0.715       0.778          0.694         0.736      16.812    424   1249
 F1_pre    0.482       0.495          0.477         0.486      -0.980    424   1249
     F2    0.754       0.856          0.719         0.788      20.464    424   1249
     G1    0.497       0.500          0.496         0.498      -0.157    424   1249
     M1    0.546       0.521          0.555         0.538       2.707    424   1249
     N1    0.541       0.547          0.539         0.543       3.060    424   1249
     N2    0.704       0.774          0.680         0.727      16.131    424   1249
 N2_pre    0.491       0.486          0.493         0.490      -0.746    424   1249
     O1    0.599       0.594          0.600         0.597       6.932    424   1249
 O1_pre    0.497       0.483          0.501         0.492      -0.545    424   1249
     O2    0.528       0.538          0.525         0.531       2.240    424   1249

== pooled_xs | cell_balanced ==
decoder  acc_all  acc_repeat  acc_alternate  acc_balanced  z_balanced  rep_n  alt_n
     A1    0.546       0.540          0.548         0.544       3.150    424   1249
     F1    0.710       0.781          0.686         0.733      16.611    424   1249
 F1_pre    0.478       0.521          0.463         0.492      -0.569    424   1249
     F2    0.753       0.844          0.721         0.783      20.130    424   1249
     G1    0.486       0.462          0.494         0.478      -1.556    424   1249
     M1    0.560       0.531          0.570         0.550       3.584    424   1249
     N1    0.533       0.535          0.532         0.534       2.384    424   1249
     N2    0.705       0.764          0.685         0.725      15.995    424   1249
 N2_pre    0.509       0.498          0.513         0.505       0.386    424   1249
     O1    0.592       0.606          0.587         0.597       6.868    424   1249
 O1_pre    0.522       0.528          0.520         0.524       1.705    424   1249
     O2    0.530       0.557          0.521         0.539       2.769    424   1249

== pooled_xs | readout_prev ==
decoder  acc_all  acc_repeat  acc_alternate  acc_balanced  z_balanced  rep_n  alt_n
     A1    0.518       0.453          0.540         0.496      -0.268    424   1249
     F1    0.548       0.285          0.637         0.461      -2.751    424   1249
 F1_pre    0.512       0.514          0.512         0.513       0.917    424   1249
     F2    0.515       0.264          0.600         0.432      -4.845    424   1249
     G1    0.497       0.491          0.500         0.495      -0.350    424   1249
     M1    0.533       0.476          0.552         0.514       0.998    424   1249
     N1    0.515       0.458          0.535         0.496      -0.271    424   1249
     N2    0.542       0.335          0.612         0.474      -1.872    424   1249
 N2_pre    0.505       0.493          0.509         0.501       0.076    424   1249
     O1    0.547       0.450          0.580         0.515       1.072    424   1249
 O1_pre    0.497       0.491          0.500         0.495      -0.350    424   1249
     O2    0.517       0.488          0.527         0.508       0.535    424   1249

== within | plain ==
decoder  acc_all  acc_repeat  acc_alternate  acc_balanced  z_balanced  rep_n  alt_n
     A1    0.585       0.578          0.587         0.582       5.861    424   1249
     F1    0.659       0.677          0.653         0.665      11.750    424   1249
 F1_pre    0.485       0.465          0.492         0.479      -1.529    424   1249
     F2    0.629       0.656          0.620         0.638       9.827    424   1249
     G1    0.507       0.507          0.508         0.507       0.522    424   1249
     M1    0.552       0.512          0.565         0.539       2.742    424   1249
     N1    0.579       0.583          0.578         0.580       5.715    424   1249
     N2    0.629       0.646          0.623         0.635       9.576    424   1249
 N2_pre    0.512       0.483          0.522         0.503       0.196    424   1249
     O1    0.558       0.557          0.559         0.558       4.108    424   1249
 O1_pre    0.507       0.514          0.504         0.509       0.660    424   1249
     O2    0.568       0.578          0.565         0.572       5.091    424   1249

== within | cell_balanced ==
decoder  acc_all  acc_repeat  acc_alternate  acc_balanced  z_balanced  rep_n  alt_n
     A1    0.570       0.554          0.575         0.565       4.594    424   1249
     F1    0.638       0.663          0.630         0.646      10.420    424   1249
 F1_pre    0.502       0.488          0.507         0.498      -0.177    424   1249
     F2    0.622       0.646          0.614         0.630       9.263    424   1249
     G1    0.506       0.491          0.512         0.501       0.077    424   1249
     M1    0.544       0.517          0.553         0.535       2.482    424   1249
     N1    0.571       0.585          0.567         0.576       5.400    424   1249
     N2    0.619       0.627          0.616         0.622       8.649    424   1249
 N2_pre    0.508       0.491          0.514         0.502       0.163    424   1249
     O1    0.540       0.550          0.537         0.543       3.087    424   1249
 O1_pre    0.484       0.495          0.480         0.488      -0.866    424   1249
     O2    0.558       0.578          0.552         0.565       4.607    424   1249

== within | readout_prev ==
decoder  acc_all  acc_repeat  acc_alternate  acc_balanced  z_balanced  rep_n  alt_n
     A1    0.534       0.458          0.560         0.509       0.612    424   1249
     F1    0.552       0.458          0.584         0.521       1.467    424   1249
 F1_pre    0.501       0.500          0.501         0.501       0.043    424   1249
     F2    0.536       0.476          0.556         0.516       1.141    424   1249
     G1    0.510       0.493          0.516         0.505       0.332    424   1249
     M1    0.530       0.467          0.552         0.509       0.663    424   1249
     N1    0.522       0.495          0.531         0.513       0.929    424   1249
     N2    0.537       0.448          0.568         0.508       0.561    424   1249
 N2_pre    0.513       0.528          0.508         0.518       1.278    424   1249
     O1    0.502       0.472          0.512         0.492      -0.565    424   1249
 O1_pre    0.509       0.495          0.514         0.505       0.331    424   1249
     O2    0.519       0.453          0.542         0.497      -0.183    424   1249
