  cross-subject F1 acc=0.719 thr=0.520 p_perm=0.010
  cross-subject F1_pre acc=0.482 thr=0.520 p_perm=0.792
  cross-subject F2 acc=0.753 thr=0.520 p_perm=0.010
  cross-subject O1 acc=0.593 thr=0.520 p_perm=0.010
  cross-subject O1_pre acc=0.497 thr=0.520 p_perm=0.554
  cross-subject O2 acc=0.526 thr=0.520 p_perm=0.010
  cross-subject O2_pre acc=0.504 thr=0.520 p_perm=0.436
  cross-subject G1 acc=0.496 thr=0.520 p_perm=0.782
  cross-subject G1_pre acc=0.493 thr=0.520 p_perm=0.842
  cross-subject N1 acc=0.541 thr=0.520 p_perm=0.010
  cross-subject N1_pre acc=0.493 thr=0.520 p_perm=0.703
  cross-subject N2 acc=0.706 thr=0.520 p_perm=0.010
  cross-subject N2_pre acc=0.488 thr=0.520 p_perm=0.822
  cross-subject M1 acc=0.546 thr=0.520 p_perm=0.010
  cross-subject M1_pre acc=0.522 thr=0.520 p_perm=0.020
  cross-subject A1 acc=0.554 thr=0.520 p_perm=0.010
  cross-subject A1_pre acc=0.524 thr=0.520 p_perm=0.030
  cross-subject R1 acc=0.508 thr=0.520 p_perm=0.396
  cross-subject R2 acc=0.726 thr=0.520 p_perm=0.010
  cross-subject R12 acc=0.726 thr=0.520 p_perm=0.010
decoder  mean_acc  n_above  n_subj  perm_false_pos  expected_by_chance  p_excess  pooled_xs_acc  pooled_thr  pooled_p_perm
     A1     0.589       14      40           0.058                 2.0     0.000          0.554        0.52          0.010
 A1_pre     0.495        1      40           0.066                 2.0     0.871          0.524        0.52          0.030
     F1     0.664       25      40           0.065                 2.0     0.000          0.719        0.52          0.010
 F1_pre     0.484        1      40           0.065                 2.0     0.871          0.482        0.52          0.792
     F2     0.635       18      40           0.067                 2.0     0.000          0.753        0.52          0.010
     G1     0.508        1      40           0.027                 2.0     0.871          0.496        0.52          0.782
 G1_pre     0.475        1      40           0.039                 2.0     0.871          0.493        0.52          0.842
     M1     0.549        8      40           0.067                 2.0     0.001          0.546        0.52          0.010
 M1_pre     0.494        1      40           0.067                 2.0     0.871          0.522        0.52          0.020
     N1     0.578       11      40           0.056                 2.0     0.000          0.541        0.52          0.010
 N1_pre     0.483        1      40           0.060                 2.0     0.871          0.493        0.52          0.703
     N2     0.631       20      40           0.073                 2.0     0.000          0.706        0.52          0.010
 N2_pre     0.511        1      40           0.070                 2.0     0.871          0.488        0.52          0.822
     O1     0.565       14      40           0.074                 2.0     0.000          0.593        0.52          0.010
 O1_pre     0.508        2      40           0.071                 2.0     0.601          0.497        0.52          0.554
     O2     0.574        9      40           0.058                 2.0     0.000          0.526        0.52          0.010
 O2_pre     0.479        1      40           0.065                 2.0     0.871          0.504        0.52          0.436
     R1     0.495        0      40           0.063                 2.0     1.000          0.508        0.52          0.396
    R12     0.700       29      40           0.075                 2.0     0.000          0.726        0.52          0.010
     R2     0.708       31      40           0.083                 2.0     0.000          0.726        0.52          0.010
sequence: {'lag1_observed': 424, 'lag1_expected': 780.454, 'z': -17.567484202331297, 'oracle_pooled': np.float64(0.5292805354155048), 'oracle_thr_note': 'analytic worst case for any run-identity route (D13)'}
