
== pooled_xs | plain ==
decoder  acc_all  acc_repeat  acc_alternate  acc_balanced  z_balanced  rep_n  alt_n
     A1    0.553       0.554          0.552         0.553       3.796    424   1249
     F1    0.740       0.807          0.717         0.762      18.645    424   1249
 F1_pre    0.611       0.637          0.602         0.619       8.500    424   1249
     F2    0.649       0.715          0.627         0.671      12.153    424   1249
     G1    0.496       0.502          0.493         0.498      -0.158    424   1249
     M1    0.546       0.521          0.555         0.538       2.707    424   1249
     N1    0.542       0.547          0.540         0.544       3.117    424   1249
     N2    0.751       0.828          0.725         0.776      19.657    424   1249
 N2_pre    0.589       0.597          0.586         0.591       6.503    424   1249
     O1    0.605       0.646          0.591         0.619       8.437    424   1249
 O1_pre    0.551       0.542          0.554         0.548       3.434    424   1249
     O2    0.527       0.540          0.522         0.531       2.210    424   1249

== pooled_xs | cell_balanced ==
decoder  acc_all  acc_repeat  acc_alternate  acc_balanced  z_balanced  rep_n  alt_n
     A1    0.548       0.538          0.552         0.545       3.180    424   1249
     F1    0.739       0.809          0.716         0.762      18.672    424   1249
 F1_pre    0.616       0.646          0.605         0.626       8.950    424   1249
     F2    0.655       0.741          0.626         0.683      13.047    424   1249
     G1    0.485       0.458          0.495         0.476      -1.696    424   1249
     M1    0.563       0.538          0.572         0.555       3.893    424   1249
     N1    0.531       0.528          0.532         0.530       2.132    424   1249
     N2    0.744       0.835          0.713         0.774      19.509    424   1249
 N2_pre    0.584       0.585          0.584         0.584       5.998    424   1249
     O1    0.608       0.660          0.591         0.626       8.940    424   1249
 O1_pre    0.546       0.559          0.541         0.550       3.565    424   1249
     O2    0.530       0.550          0.524         0.537       2.603    424   1249

== pooled_xs | readout_prev ==
decoder  acc_all  acc_repeat  acc_alternate  acc_balanced  z_balanced  rep_n  alt_n
     A1    0.521       0.465          0.540         0.502       0.151    424   1249
     F1    0.548       0.278          0.640         0.459      -2.917    424   1249
 F1_pre    0.530       0.387          0.579         0.483      -1.222    424   1249
     F2    0.529       0.401          0.572         0.487      -0.946    424   1249
     G1    0.494       0.498          0.492         0.495      -0.355    424   1249
     M1    0.531       0.469          0.552         0.511       0.775    424   1249
     N1    0.516       0.458          0.536         0.497      -0.243    424   1249
     N2    0.545       0.340          0.615         0.477      -1.619    424   1249
 N2_pre    0.507       0.410          0.540         0.475      -1.779    424   1249
     O1    0.539       0.507          0.549         0.528       2.004    424   1249
 O1_pre    0.519       0.481          0.532         0.507       0.482    424   1249
     O2    0.512       0.479          0.523         0.501       0.057    424   1249

== within | plain ==
decoder  acc_all  acc_repeat  acc_alternate  acc_balanced  z_balanced  rep_n  alt_n
     A1    0.585       0.575          0.588         0.582       5.805    424   1249
     F1    0.686       0.705          0.679         0.692      13.669    424   1249
 F1_pre    0.556       0.542          0.560         0.551       3.662    424   1249
     F2    0.608       0.583          0.616         0.600       7.083    424   1249
     G1    0.505       0.498          0.508         0.503       0.187    424   1249
     M1    0.553       0.509          0.568         0.539       2.743    424   1249
     N1    0.573       0.583          0.570         0.576       5.430    424   1249
     N2    0.680       0.731          0.662         0.697      13.994    424   1249
 N2_pre    0.545       0.540          0.547         0.543       3.093    424   1249
     O1    0.581       0.630          0.564         0.597       6.909    424   1249
 O1_pre    0.509       0.505          0.510         0.507       0.524    424   1249
     O2    0.570       0.573          0.568         0.571       5.037    424   1249

== within | cell_balanced ==
decoder  acc_all  acc_repeat  acc_alternate  acc_balanced  z_balanced  rep_n  alt_n
     A1    0.570       0.559          0.574         0.567       4.733    424   1249
     F1    0.690       0.741          0.673         0.707      14.700    424   1249
 F1_pre    0.549       0.571          0.542         0.556       4.013    424   1249
     F2    0.600       0.587          0.604         0.595       6.795    424   1249
     G1    0.504       0.500          0.506         0.503       0.214    424   1249
     M1    0.543       0.502          0.556         0.529       2.092    424   1249
     N1    0.569       0.587          0.563         0.575       5.342    424   1249
     N2    0.669       0.712          0.654         0.683      13.037    424   1249
 N2_pre    0.559       0.550          0.563         0.556       3.999    424   1249
     O1    0.579       0.623          0.564         0.593       6.629    424   1249
 O1_pre    0.519       0.495          0.527         0.511       0.787    424   1249
     O2    0.561       0.573          0.557         0.565       4.639    424   1249

== within | readout_prev ==
decoder  acc_all  acc_repeat  acc_alternate  acc_balanced  z_balanced  rep_n  alt_n
     A1    0.536       0.472          0.557         0.514       1.030    424   1249
     F1    0.558       0.434          0.600         0.517       1.197    424   1249
 F1_pre    0.531       0.486          0.547         0.516       1.163    424   1249
     F2    0.550       0.486          0.572         0.529       2.046    424   1249
     G1    0.516       0.495          0.523         0.509       0.644    424   1249
     M1    0.536       0.481          0.554         0.518       1.252    424   1249
     N1    0.525       0.498          0.535         0.516       1.155    424   1249
     N2    0.530       0.448          0.558         0.503       0.219    424   1249
 N2_pre    0.523       0.493          0.533         0.513       0.931    424   1249
     O1    0.513       0.505          0.516         0.510       0.723    424   1249
 O1_pre    0.503       0.479          0.512         0.495      -0.342    424   1249
     O2    0.519       0.458          0.540         0.499      -0.072    424   1249
